{
    "powderaverage - with mask and shells": {
        "content": [
            {
                "0": [
                    [
                        {
                            "id": "test",
                            "single_end": false
                        },
                        "test_pwd_avg.nii.gz:md5,b0065ccd52d4921738a6538c3cd5d86a"
                    ]
                ],
                "1": [
                    "versions.yml:md5,207b645eefea02b3e70dc49c850ae68d"
                ],
                "pwd_avg": [
                    [
                        {
                            "id": "test",
                            "single_end": false
                        },
                        "test_pwd_avg.nii.gz:md5,b0065ccd52d4921738a6538c3cd5d86a"
                    ]
                ],
                "versions": [
                    "versions.yml:md5,207b645eefea02b3e70dc49c850ae68d"
                ]
            }
        ],
        "meta": {
            "nf-test": "0.9.0",
            "nextflow": "25.04.7"
        },
        "timestamp": "2025-09-17T20:04:21.423959602"
    },
    "powderaverage - stub-run": {
        "content": [
            [
                "versions.yml:md5,207b645eefea02b3e70dc49c850ae68d"
            ]
        ],
        "meta": {
            "nf-test": "0.9.0",
            "nextflow": "25.04.7"
        },
        "timestamp": "2025-09-17T20:04:34.511995041"
    },
    "powderaverage - no mask and no shell": {
        "content": [
            {
                "0": [
                    [
                        {
                            "id": "test",
                            "single_end": false
                        },
                        "test_pwd_avg.nii.gz:md5,168d711e7b84fad327966ca3d49ede0f"
                    ]
                ],
                "1": [
                    "versions.yml:md5,207b645eefea02b3e70dc49c850ae68d"
                ],
                "pwd_avg": [
                    [
                        {
                            "id": "test",
                            "single_end": false
                        },
                        "test_pwd_avg.nii.gz:md5,168d711e7b84fad327966ca3d49ede0f"
                    ]
                ],
                "versions": [
                    "versions.yml:md5,207b645eefea02b3e70dc49c850ae68d"
                ]
            }
        ],
        "meta": {
            "nf-test": "0.9.0",
            "nextflow": "25.04.7"
        },
        "timestamp": "2025-09-17T20:04:07.648628207"
    }
}